4096
256
260.033719 276.461565
270.915206 3564.279752
314.421249 1126.506186
382.948530 2936.125475
432.198257 1865.592722
440.605697 447.465507
442.148727 821.580749
444.264876 2125.283153
483.801180 2713.626903
485.990014 327.762607
506.002910 3658.388238
506.544530 989.483829
507.203291 610.233318
521.792916 2524.930742
523.114805 3661.172850
591.034030 739.490243
612.820518 1628.299023
625.765539 707.854015
642.528243 2575.591257
649.281960 2673.785193
654.811865 1551.977653
682.894831 2369.257963
690.177092 2713.856277
705.702059 3099.797871
721.168961 645.970746
747.837971 3138.169487
751.446619 1547.826295
763.503558 2431.376453
785.213493 3413.726816
798.008267 516.001318
802.165014 2880.020281
803.906875 373.887259
817.537856 1692.984709
819.186832 2060.404170
839.320169 1237.697629
840.663293 1659.817787
843.661324 3230.762413
844.141330 2926.335859
863.871797 3505.985299
887.538992 1116.383543
894.695715 1051.524503
902.629718 2708.095525
905.281788 1479.414424
928.118665 1246.025065
928.417221 2474.346668
930.512534 1820.405237
944.894424 2633.005306
965.705788 2450.992142
974.062854 1693.856543
1011.804383 1954.436015
1057.584585 2589.657383
1076.621925 3457.846734
1083.889490 1638.521675
1091.498088 3576.847648
1093.423857 3230.032947
1109.995356 3734.752728
1131.667921 1424.432252
1178.768539 3045.274275
1189.434313 2584.377728
1189.621042 3400.543997
1211.730046 2190.501061
1251.544564 2241.428322
1259.670576 2213.247051
1271.400050 1519.210717
1274.907557 2902.906985
1304.380155 3020.545989
1308.542198 666.969445
1310.270737 1088.425354
1321.481813 3499.277978
1337.518956 2611.117754
1346.559066 3441.184398
1346.593817 3812.146806
1349.975919 1193.468032
1350.582294 2898.869307
1360.433075 1048.097562
1387.318384 1811.486710
1420.108288 3595.912733
1434.336923 1085.437781
1437.437209 936.067520
1443.686780 582.676509
1457.438356 3009.334868
1461.482434 3294.101018
1489.795434 3176.632657
1492.275551 2400.956978
1500.063289 917.686924
1511.690880 2717.024951
1536.179917 3403.747263
1542.997801 2236.106321
1553.961123 2832.420166
1559.136295 1289.157961
1563.387550 2096.028862
1600.741803 2980.731471
1618.689390 1625.687052
1631.653671 3030.996205
1669.268540 2617.250890
1669.964311 2786.543168
1683.997013 3176.124556
1690.419382 3451.241556
1728.263969 275.384237
1739.717723 2750.405907
1787.542551 3605.228814
1813.295652 267.581552
1824.493146 3595.696842
1831.382751 3567.507723
1833.334627 3410.189647
1858.168348 1066.366145
1896.403026 482.135485
1896.452740 3054.632181
1909.730977 3193.723372
1917.765149 3298.608712
1945.796610 2379.663069
1964.079403 864.635840
1966.991034 2509.873394
1982.532341 1064.159428
1983.257990 1348.961169
1985.246513 1029.516653
2002.937885 819.663267
2025.001425 3742.425686
2031.671535 2981.543219
2033.582989 1299.134977
2033.930722 1456.538539
2041.347833 2321.099180
2042.715329 690.591481
2086.298521 3737.733103
2092.926745 2649.121959
2094.349702 3263.378249
2111.489561 1000.911430
2114.357312 1692.141227
2120.432890 536.383996
2141.167335 564.424159
2143.854006 3015.371189
2158.415829 2970.141095
2161.277460 396.780751
2164.268446 570.114763
2165.720028 810.529962
2166.128057 3280.572121
2235.501963 3551.813758
2246.545486 308.252368
2250.294419 1748.740590
2254.297236 1783.498563
2310.773964 2964.001714
2322.858809 2382.069855
2323.864467 3401.367781
2329.827292 2155.158802
2332.677099 1878.031832
2347.515948 1207.413382
2350.806786 1131.975245
2384.509570 902.454200
2388.642200 1553.109959
2417.542034 2020.839438
2438.236169 1183.919533
2439.035410 2503.733865
2441.269147 2140.277662
2451.701160 1316.977318
2472.513247 2559.410017
2474.228563 2392.767278
2476.633798 1263.316934
2484.612991 402.457661
2499.455364 3252.595831
2512.055257 1077.226936
2534.390833 2826.792195
2540.987327 2135.045289
2547.818710 2978.889673
2549.684079 1524.910468
2553.632857 1804.121051
2570.866332 277.521105
2584.549838 1144.990120
2596.819111 1178.039488
2597.444916 1378.614713
2604.839295 3329.477881
2609.124132 3723.180016
2611.777678 3333.495952
2616.947938 2986.211663
2618.379443 386.197401
2644.938822 1290.979547
2646.099119 2038.174532
2647.748382 3406.369820
2671.388403 2541.302308
2676.905914 1986.893802
2708.239195 3520.923758
2709.050940 1629.346979
2714.575131 3158.270501
2715.071741 591.965006
2719.596566 613.109988
2721.295223 850.851412
2736.401969 1842.135883
2757.088031 1374.030493
2765.879272 2291.106611
2767.021954 1391.651821
2808.120740 910.279942
2833.858577 661.997508
2863.540216 754.384588
2870.026484 2544.936462
2874.933975 1432.893986
2904.430427 3598.024799
2909.731373 980.730583
2936.148518 2510.013194
2943.178843 1577.290133
2997.299224 2761.486244
3036.349799 1289.551812
3059.627982 2834.551108
3062.627618 3117.609080
3063.282666 3031.400266
3073.031519 1357.929019
3100.466113 2220.182707
3115.308218 2881.833411
3129.997771 2685.279507
3150.884680 3549.790883
3155.797586 728.020487
3219.141566 1298.329927
3221.369829 1444.021007
3226.982989 2677.544146
3227.856718 1439.928273
3230.501532 1669.487943
3242.326935 3572.549559
3242.343966 1094.267870
3255.190709 3188.169360
3259.870832 2851.719126
3267.232778 1669.468410
3345.110968 985.516807
3354.650994 2020.757378
3356.809463 592.607526
3358.076775 2840.084749
3370.223617 2217.871187
3376.014876 515.226417
3385.804493 3234.438546
3420.803144 2498.384505
3427.890925 923.572971
3441.992321 531.948936
3445.601030 705.679017
3446.593648 1506.432280
3472.855994 743.691409
3489.513735 3305.696516
3493.664964 3781.207126
3496.545398 940.944110
3512.009002 2485.590102
3516.160360 3388.340622
3523.344131 964.024108
3528.287612 3193.787427
3556.557056 2710.167428
3566.640474 864.023811
3592.022307 2839.893198
3635.895767 3539.922117
3640.436057 1872.088528
3661.704509 3553.739661
3668.791335 3539.643124
3683.982218 2365.686237
3691.754871 3549.446511
3766.291919 2921.819367
3783.957719 268.825611
3785.349967 3607.054288
3785.683144 1468.262651
3791.498132 2793.146196
3832.111614 449.742358
3836.145473 1038.232749
3839.976959 988.313741
500
0 101 98 
1 0 2 
10 1 28 
71 10 14 
233 71 117 
250 233 244 
255 250 252 
253 255 240 
249 253 228 
101 249 165 
98 101 106 
0 98 9 
2 0 6 
1 2 3 
28 1 23 
10 28 14 
71 14 55 
117 71 100 
233 117 170 
244 233 242 
250 244 247 
252 250 248 
255 252 254 
240 255 237 
253 240 231 
228 253 231 
249 228 224 
165 249 224 
101 165 137 
106 101 132 
98 106 79 
9 98 31 
0 9 5 
6 0 5 
2 6 11 
3 2 4 
1 3 23 
28 23 25 
14 28 38 
55 14 38 
71 55 76 
100 71 76 
117 100 102 
170 117 123 
233 170 194 
242 233 214 
244 242 245 
247 244 245 
250 247 248 
252 248 241 
254 252 251 
255 254 237 
240 237 234 
231 240 227 
228 231 229 
224 228 221 
165 224 173 
137 165 157 
101 137 132 
106 132 128 
79 106 84 
98 79 31 
9 31 29 
5 9 29 
6 5 12 
11 6 15 
2 11 34 
4 2 16 
3 4 7 
23 3 30 
25 23 37 
28 25 36 
38 28 36 
55 38 53 
76 55 68 
100 76 97 
102 100 103 
117 102 103 
123 117 136 
170 123 136 
194 170 179 
233 194 214 
242 214 236 
245 242 236 
247 245 238 
248 247 238 
241 248 238 
252 241 239 
251 252 246 
254 251 237 
234 237 219 
240 234 227 
231 227 229 
228 229 221 
224 221 208 
173 224 190 
165 173 157 
137 157 132 
128 132 133 
106 128 122 
84 106 111 
79 84 66 
31 79 66 
29 31 66 
5 29 12 
6 12 15 
11 15 40 
34 11 39 
2 34 20 
16 2 20 
4 16 32 
7 4 33 
3 7 8 
30 3 22 
23 30 37 
25 37 36 
38 36 51 
53 38 51 
55 53 68 
76 68 70 
97 76 86 
100 97 103 
117 103 136 
170 136 142 
179 170 176 
194 179 176 
214 194 207 
236 214 225 
245 236 238 
241 238 222 
239 241 222 
252 239 246 
251 246 243 
237 251 230 
219 237 215 
234 219 227 
229 227 208 
221 229 208 
224 208 190 
173 190 182 
157 173 182 
132 157 133 
128 133 129 
122 128 129 
106 122 116 
111 106 116 
84 111 105 
66 84 78 
29 66 24 
12 29 24 
15 12 17 
40 15 17 
11 40 39 
34 39 43 
20 34 26 
16 20 26 
32 16 26 
4 32 33 
7 33 21 
8 7 13 
3 8 22 
30 22 41 
37 30 41 
36 37 54 
51 36 54 
53 51 59 
68 53 59 
70 68 59 
76 70 86 
97 86 96 
103 97 104 
136 103 104 
142 136 135 
170 142 176 
194 176 181 
207 194 201 
214 207 216 
225 214 216 
236 225 232 
238 236 232 
222 238 225 
239 222 211 
246 239 235 
243 246 223 
251 243 230 
237 230 209 
215 237 209 
219 215 208 
227 219 208 
190 208 191 
182 190 183 
157 182 183 
133 157 147 
129 133 122 
116 122 134 
111 116 126 
105 111 115 
84 105 77 
78 84 77 
66 78 74 
24 66 40 
12 24 17 
40 17 24 
39 40 67 
43 39 67 
34 43 42 
26 34 42 
32 26 35 
33 32 45 
21 33 27 
7 21 13 
8 13 18 
22 8 19 
41 22 18 
37 41 57 
54 37 57 
51 54 59 
70 59 81 
86 70 81 
96 86 81 
97 96 104 
136 104 109 
135 136 125 
142 135 158 
176 142 169 
181 176 171 
194 181 201 
207 201 216 
225 216 222 
232 225 238 
211 222 217 
239 211 226 
235 239 226 
246 235 223 
243 223 220 
230 243 218 
209 230 212 
215 209 199 
208 215 195 
191 208 195 
190 191 184 
183 190 184 
157 183 147 
133 147 134 
122 133 134 
116 134 126 
111 126 115 
105 115 113 
77 105 89 
78 77 74 
66 74 67 
40 66 67 
43 67 56 
42 43 56 
26 42 35 
32 35 48 
45 32 48 
33 45 49 
27 33 47 
21 27 18 
13 21 18 
8 18 19 
22 19 18 
41 18 46 
57 41 64 
54 57 65 
59 54 81 
96 81 82 
104 96 109 
136 109 125 
135 125 130 
158 135 140 
142 158 169 
176 169 171 
181 171 169 
201 181 202 
216 201 202 
222 216 217 
211 217 206 
226 211 204 
235 226 223 
220 223 204 
243 220 218 
230 218 212 
209 212 210 
199 209 203 
215 199 195 
191 195 189 
184 191 189 
183 184 147 
134 147 126 
115 126 113 
105 113 119 
89 105 114 
77 89 72 
74 77 67 
56 67 72 
42 56 52 
35 42 48 
45 48 52 
49 45 52 
33 49 60 
47 33 60 
27 47 44 
18 27 46 
41 46 50 
64 41 50 
57 64 65 
54 65 81 
82 81 65 
96 82 93 
109 96 108 
125 109 108 
130 125 118 
135 130 140 
158 140 162 
169 158 181 
202 181 172 
216 202 217 
206 217 205 
211 206 196 
204 211 196 
226 204 223 
220 204 213 
218 220 213 
212 218 210 
209 210 203 
199 203 193 
195 199 186 
189 195 166 
184 189 166 
147 184 159 
126 147 146 
113 126 119 
105 119 114 
89 114 92 
72 89 63 
77 72 67 
56 72 63 
52 56 63 
42 52 48 
49 52 75 
60 49 75 
47 60 61 
44 47 50 
27 44 46 
50 46 44 
64 50 58 
65 64 73 
82 65 80 
93 82 80 
96 93 107 
108 96 107 
125 108 118 
130 118 131 
140 130 131 
162 140 160 
158 162 172 
181 158 172 
202 172 198 
217 202 205 
206 205 200 
196 206 198 
204 196 187 
213 204 185 
218 213 210 
203 210 197 
193 203 197 
199 193 186 
195 186 174 
166 195 167 
184 166 159 
147 159 146 
126 146 145 
119 126 145 
114 119 120 
92 114 120 
89 92 63 
52 63 75 
60 75 62 
61 60 62 
47 61 58 
50 47 58 
64 58 69 
73 64 69 
65 73 80 
93 80 91 
107 93 95 
108 107 118 
131 118 124 
140 131 124 
160 140 154 
162 160 172 
198 172 160 
202 198 200 
205 202 200 
206 200 198 
196 198 192 
187 196 192 
204 187 178 
185 204 178 
213 185 197 
210 213 197 
193 197 180 
186 193 188 
174 186 168 
195 174 167 
166 167 150 
159 166 150 
146 159 150 
145 146 150 
119 145 120 
92 120 127 
63 92 75 
62 75 90 
61 62 87 
58 61 69 
73 69 85 
80 73 88 
91 80 88 
93 91 95 
107 95 99 
118 107 99 
124 118 99 
140 124 154 
160 154 177 
198 160 177 
192 198 177 
187 192 177 
178 187 175 
185 178 164 
197 185 180 
193 180 188 
186 188 168 
174 168 156 
167 174 156 
150 167 156 
145 150 156 
120 145 148 
127 120 148 
92 127 90 
75 92 90 
62 90 87 
61 87 83 
69 61 83 
85 69 83 
73 85 88 
91 88 95 
99 95 94 
124 99 112 
154 124 151 
177 154 155 
187 177 155 
175 187 161 
178 175 164 
185 164 180 
188 180 163 
168 188 163 
156 168 153 
145 156 153 
148 145 153 
127 148 138 
90 127 121 
87 90 110 
83 87 110 
85 83 94 
88 85 95 
94 95 85 
99 94 112 
124 112 121 
151 124 141 
154 151 155 
187 155 161 
175 161 149 
164 175 149 
180 164 163 
168 163 153 
148 153 163 
138 148 164 
127 138 139 
121 127 139 
90 121 110 
83 110 94 
112 94 110 
121 112 110 
124 121 141 
151 141 155 
161 155 152 
149 161 152 
164 149 144 
163 164 148 
138 164 144 
139 138 144 
121 139 143 
141 121 143 
155 141 152 
149 152 143 
144 149 143 
139 144 143 
141 143 152 
987.885309 -8260.302575
-19801.249989 1986.784248
489.781297 3358.225974
-2915.711552 24739.356256
2539.560705 12084.659545
3659.818215 3728.148763
71645.941933 3712.687847
3797.240825 719.594739
3619.881986 409.363838
2829.283250 -48293.589959
1782.825780 402.756813
992.167041 -2424.967185
-198.246319 732.545446
-5306.470988 2245.467204
479.777788 3324.053357
552.064210 3429.303989
545.323271 5861.335127
1710.065437 4013.419444
2562.997023 11197.119901
3582.360835 3670.927819
3691.467165 3654.749600
5597.661748 3213.767008
21436.678608 2364.038470
3681.881263 973.291698
3704.288447 660.030948
3661.746931 608.037998
3483.033133 231.509698
3173.439285 -281.055973
2218.193390 -1717.677640
1991.025515 322.110734
1662.909730 500.277732
1004.665221 -2128.543978
362.293955 349.319304
90.833134 635.968939
338.818044 957.511514
-4024.989080 2196.939610
418.290069 3266.496641
558.081505 3304.220714
689.559331 3574.940959
801.235164 3820.155995
1264.248123 3663.537590
1599.340470 3777.461063
1850.046904 3771.141023
2514.999636 9740.357699
3017.107160 4274.856083
3441.748002 3588.040464
3652.347140 3540.205715
3676.863692 3552.531050
3934.419637 3260.025812
3697.629179 2841.563346
11018.025520 2098.974030
3679.746342 1001.121936
3543.590635 913.417091
3473.975393 839.531976
3611.752478 615.325210
3399.250642 562.067235
3051.452528 132.134033
2405.149661 255.356051
2038.786405 193.472779
2026.830513 433.221485
1709.527628 710.188859
1243.402785 111.780791
632.308813 437.944327
625.558328 449.133708
213.333939 635.463687
566.106474 870.339671
559.037290 1266.287723
224.124911 1519.822779
-3961.361519 2199.866788
594.121673 2919.765780
802.894216 3035.391612
698.426155 3285.184912
939.200736 3362.100159
936.070846 3675.090598
1262.035823 3658.596197
1603.492774 3613.690584
1799.350061 3574.615215
1964.350607 3614.942431
2040.986792 3548.540844
2349.540218 3796.160225
2761.870124 3672.619078
3104.237364 3994.588187
3440.359919 3571.296697
3651.198347 3404.753776
3789.269216 3289.231402
3869.569075 3252.324154
3610.930532 3025.984756
3675.549702 2747.347208
5552.501086 2122.962522
3625.105061 1231.443711
3441.169766 1032.340390
3481.338952 856.689068
3344.271285 807.109785
3439.720212 618.898653
3148.132943 499.741699
3024.385733 291.065438
2546.462232 352.915018
2321.778997 466.043213
2196.509869 482.865605
1993.881181 569.292214
1711.595886 712.070917
1455.972882 752.857776
1179.071041 308.908551
1093.023652 457.066828
621.882366 468.303226
482.241298 718.235695
716.497824 921.166935
679.989991 1104.128680
555.615593 1282.440447
359.594160 1439.263787
655.841189 1848.434835
613.461156 1987.295825
-341.614976 2473.594031
591.623215 2901.097368
736.095232 2982.079636
898.013315 3078.634457
943.072032 3361.815877
981.173988 3530.208850
1240.672349 3639.409064
1413.135123 3504.382620
1573.323045 3557.319904
1752.245272 3519.869094
2032.653109 3539.337618
2450.183600 3576.731972
2513.109613 3550.714748
2887.463050 3353.035440
3100.632952 3946.780264
3332.836784 3411.459565
3749.834225 3305.251850
3475.181814 3001.537047
3475.018575 2802.169675
3734.580508 2580.210945
4704.857271 2026.902911
3589.422299 1250.008299
3461.159706 1198.111567
3438.871155 1024.530928
3307.426752 804.115115
3301.514739 727.427162
3054.702400 403.051875
2928.207786 366.208051
2568.618183 535.182876
2321.521515 480.708451
2162.679328 526.830825
2060.114829 602.672680
1818.729622 692.228605
1812.334765 694.247032
1729.679431 870.240279
1424.689687 776.754760
1012.214673 730.341240
634.415986 506.982646
558.435449 668.819294
754.556826 884.129141
693.955822 1062.198684
888.850686 1187.144737
695.158655 1364.363737
706.577540 1630.170992
718.381937 1650.505800
668.800392 1877.365673
644.716136 2167.911761
-251.022173 2467.506256
586.788329 2894.414413
797.790974 2762.148508
907.819546 2826.444006
968.099668 3078.744966
968.849182 3335.371690
1172.234334 3506.324623
1201.227754 3522.461101
1263.220410 3439.668942
1453.732471 3485.084905
1648.063707 3314.596850
1778.383167 3488.179000
2030.787981 3491.310635
2184.119974 3420.462932
2483.594121 3547.116336
2896.879056 3340.424656
2985.492640 3358.463544
3241.666111 3380.122093
3260.471793 3380.751449
3351.191420 3395.913091
3651.404983 3299.116375
3405.908117 3034.873333
3393.392399 2677.465855
3695.753818 2565.848775
3606.227140 2123.826225
3633.497202 1641.558784
3485.705213 1235.332383
3473.091623 1223.854610
3165.801808 919.005828
3291.018790 826.945288
3002.241082 658.861977
2799.205293 585.017852
2469.647948 655.539988
2408.698131 647.277915
2130.472547 657.574840
2081.987192 773.359529
2060.257577 908.464348
1895.409389 957.250681
1646.060932 1071.641709
1493.719778 1011.953010
1224.893804 872.454785
1011.089243 761.821644
619.841912 594.239942
789.925523 856.452310
1099.203164 1106.914776
1100.135352 1121.009580
872.788378 1358.423021
771.623502 1386.029705
762.894138 1630.239207
738.276248 1877.053865
836.930394 2252.732691
484.240353 2324.871936
549.274255 2628.636457
586.917343 2778.335921
793.419568 2600.934011
1054.157824 2865.662650
982.672392 3066.783292
1090.076757 3344.312578
1302.428113 3288.263461
1435.383837 3392.148206
1597.457993 3281.733742
1727.986372 3312.731125
2036.195300 3475.955573
2088.832033 3444.834178
2329.746551 3230.302015
2485.145081 3446.691073
2762.741967 3304.294184
2911.518412 3334.104401
3091.514753 3336.812470
3382.411906 3036.525394
3462.638046 3233.713055
3298.122274 2754.304018
3394.672334 2664.535414
3482.696070 2608.111760
3518.055449 2310.983260
3578.599752 2102.236756
3479.735784 1723.071089
3371.632552 1360.011724
3132.968567 1185.181711
3112.158342 931.682090
3018.637169 840.619639
2749.905142 739.931151
2736.375267 731.866885
2466.652930 658.880943
2345.388485 689.233176
2162.942357 690.334751
2088.614692 891.480935
2031.281809 939.807617
1919.934505 1041.827337
1647.119790 1095.172847
1425.792675 1010.543134
1182.566989 878.217613
1119.487284 878.476325
1137.736993 1212.187064
998.760177 1370.749214
849.532203 1561.220035
895.636751 1722.793198
895.554241 1737.606706
879.921514 1942.757319
882.226835 2259.531727
666.987345 2473.261120
618.453808 2463.766126
551.488110 2631.182167
744.085730 2617.935423
794.903118 2598.021851
1059.632797 2861.178819
1274.808401 3201.728270
1281.982803 3236.044982
1587.120860 3262.236947
1778.169181 3280.713617
2043.200575 3467.164936
2160.044501 3147.547217
2323.959994 3161.357292
2473.057334 3399.447266
2568.545037 3400.150225
2659.224764 3243.564964
2881.029039 3073.122327
3187.285197 3075.449382
3329.711401 3020.948297
3185.992794 2775.476387
3188.881186 2441.904513
3446.342526 2348.962812
3234.576996 2129.415657
3429.493713 1815.611287
3316.011635 1542.953309
3180.329650 1371.786113
3128.208618 1284.300881
3054.044526 1101.929130
2917.310460 861.297708
2805.179714 821.436179
2530.942987 733.334694
2242.050983 935.187509
2056.828533 1052.552633
1922.744358 1200.182321
1777.996825 1270.836518
1472.465498 1202.166400
1372.981355 1115.067421
1139.364111 1213.051950
1033.785441 1514.963854
929.550931 1589.881860
1100.493596 1808.134295
1101.074692 1808.624316
1002.290062 2165.185747
983.628510 2221.493517
873.858744 2345.791589
797.762605 2582.962605
1051.723936 2742.574052
1093.260605 2796.917263
1230.478984 2976.549313
1285.995350 3212.993684
1314.617050 3196.556281
1586.772753 3129.186869
1791.358502 3255.541030
1997.824103 3239.725853
2049.461614 3125.473939
2272.976475 3138.062135
2421.368494 3097.672099
2609.862154 3211.925866
2843.927890 2971.148448
3232.906982 3019.601719
3171.006535 2787.170185
3160.562934 2456.639216
3165.291797 2448.429889
3236.782053 2386.748788
3072.542961 1922.889222
3248.968756 1860.534899
3291.027219 1547.239217
3163.996226 1372.035924
2965.057155 1371.825315
2852.216645 1184.679687
2759.961426 1088.241490
2676.788813 1009.016225
2557.979125 909.786077
2266.262591 1002.325832
2109.350492 1159.640383
1901.576470 1216.134446
1755.852887 1427.880346
1392.863396 1376.161782
1373.212336 1124.659439
1284.198162 1349.949482
1154.064077 1541.806491
982.046244 1573.044293
1177.939711 1826.163321
1232.710405 1970.040636
1092.744729 2324.549777
991.522819 2533.657729
816.438901 2566.160896
977.432551 2549.441195
1130.869656 2770.825256
1315.643449 2955.212698
1387.840901 3109.573704
1537.016679 3080.721606
1761.984222 3065.993469
1800.838896 3133.939279
2040.148852 3127.545033
2094.937642 2974.663436
2236.740460 3020.316837
2433.005771 2912.384420
2567.455874 3123.485456
2571.952620 3125.468810
2846.953701 2941.262055
3215.445302 3000.496989
3149.164494 2785.537809
3007.612126 2625.806922
2947.914344 2325.189093
3039.069995 1914.985259
3248.806718 1555.828168
3082.848780 1511.854685
2999.340986 1462.421537
2879.779871 1275.795635
2819.800652 1172.098739
2764.398327 1097.025140
2653.745446 998.303340
2403.550382 1022.485120
2178.675024 1162.257187
2167.641611 1174.868092
2061.615103 1377.775214
1808.366816 1497.064080
1474.080684 1477.743515
1252.155490 1695.968154
1325.336677 2012.952186
1227.468487 2219.223839
1147.880314 2399.753065
1118.016599 2449.843672
1237.384697 2742.243310
1305.055075 2756.763850
1378.276359 2978.995188
1540.539019 3052.392529
1774.290661 2928.121714
2015.600799 3113.437195
2080.912538 2818.762476
2227.414366 2788.875565
2323.944852 2734.642661
2591.295300 2898.409879
2767.669625 2807.072518
2866.006573 2936.604372
3023.363282 2933.682900
3080.847728 2753.331841
2961.008438 2637.139541
2840.411321 2408.806765
2897.527320 2087.485946
2939.978187 2010.411994
3015.195749 1846.659773
3106.672299 1561.584796
2814.238734 1549.905026
2851.496856 1332.418820
2676.941649 1365.010740
2802.339315 1157.195766
2517.809053 1188.569132
2508.522478 1153.666142
2429.534571 1099.015535
2386.572681 1171.326307
2226.818226 1377.410250
1868.448170 1644.557315
1428.633744 1625.975867
1361.249869 2024.362571
1397.811219 2268.341819
1294.436254 2426.295249
1370.035985 2753.813848
1462.642361 2897.385872
1515.338225 2926.136171
1749.045062 2924.165227
1783.513172 2920.330301
1883.404772 2868.866924
1943.167013 2793.380131
2312.447074 2730.046318
2583.266086 2674.630539
2761.018648 2759.928373
2766.900119 2751.222766
2772.656126 2436.606941
2822.697224 2109.371562
2632.360669 1883.980026
2851.867531 1719.142158
2779.566436 1520.628069
2678.801379 1429.774902
2557.026653 1300.022771
2563.797086 1258.830061
2518.022193 1194.317460
2406.494591 1248.253679
2241.085869 1395.369585
2204.473100 1529.850052
1835.593665 1889.612263
1619.986164 1864.261568
1407.770701 2144.899892
1398.055842 2281.738292
1303.685663 2424.144221
1487.977075 2559.851330
1434.350827 2810.794848
1642.264137 2886.100919
1670.347545 2701.894024
1912.338859 2685.872649
2289.210015 2631.726365
2565.274855 2477.034649
2634.921088 2384.588846
2677.771392 2178.003578
2545.279058 1942.713159
2661.558052 1743.603771
2681.988928 1496.830079
2674.575694 1484.739483
2535.029166 1323.072139
2401.053040 1260.821777
2262.200617 1392.857641
2235.881639 1591.813721
1906.811930 1986.765795
1783.017805 2199.521059
1718.568698 2380.355633
1521.254341 2557.807184
1589.941909 2753.800519
1612.636547 2702.131209
1836.345528 2614.068402
2148.463513 2472.322683
2258.862067 2559.480504
2546.790361 2476.844381
2601.315796 2288.179805
2532.512294 2020.386930
2538.191141 1945.513345
2572.292150 1664.223945
2491.881708 1425.095799
2452.468158 1443.668377
2412.823902 1716.945299
2158.825011 1776.883914
2013.706712 1999.174148
1847.677657 2112.343586
1719.291666 2395.753533
1785.327714 2472.612779
2042.802247 2430.703473
2156.217477 2471.103435
2395.612292 2428.898120
2497.616705 2261.318212
2487.526119 2069.012561
2462.107868 1897.735971
2491.289487 1665.369537
2408.872419 1738.588973
2390.676249 1750.183334
2058.294350 2016.835792
2200.907619 2264.762181
2406.615798 2273.197262
2377.945293 2090.781444
2263.272075 2015.896250
2072.567476 2013.935159
2402.002075 2270.937832
745
1 12
32 33
12 33
11 32
0 11
1 13
13 36
14 36
2 14
13 35
35 67
12 34
34 66
67 109
108 109
66 108
35 68
68 112
112 160
113 160
36 69
69 113
68 111
67 110
110 157
111 157
33 64
32 63
64 104
63 104
34 65
64 105
65 105
112 159
159 210
158 210
111 158
159 211
211 261
212 261
160 212
62 63
31 62
11 31
3 15
2 15
65 106
66 107
107 152
106 152
105 150
150 201
149 201
104 149
211 260
210 260
15 38
38 39
16 39
3 16
150 151
106 151
109 155
155 156
110 156
201 202
151 202
261 262
259 260
213 262
259 304
213 263
263 304
212 262
154 155
108 154
209 259
158 209
113 161
161 213
37 70
14 37
69 114
70 114
148 149
200 202
148 200
37 71
71 115
70 115
156 207
154 206
207 254
206 254
209 258
303 345
304 345
258 303
71 72
38 72
62 103
103 148
114 162
161 162
102 103
61 102
31 61
157 208
207 255
208 256
255 256
208 257
258 302
257 301
301 302
107 153
205 206
153 205
254 298
255 298
115 163
72 116
116 164
163 164
162 214
163 215
214 215
116 117
73 117
39 73
152 203
153 204
203 204
200 251
203 251
263 305
305 306
214 264
264 306
205 253
298 340
297 340
253 297
252 253
204 252
345 346
303 344
344 346
256 299
257 300
299 300
305 346
344 382
381 382
302 343
343 381
299 340
300 341
301 342
341 342
347 382
306 347
117 165
164 216
165 216
297 339
339 378
341 378
73 118
165 166
118 166
215 265
216 266
265 308
266 308
74 118
16 40
40 74
338 339
252 296
296 338
264 307
265 307
381 416
347 383
383 416
166 167
167 217
217 266
343 380
379 380
342 379
380 415
416 444
443 444
415 443
379 414
415 442
414 442
336 338
378 413
336 377
377 413
307 348
383 384
348 384
348 385
349 385
308 309
309 349
250 251
199 250
147 199
101 102
101 147
296 337
250 295
295 337
119 167
74 119
384 417
444 445
417 445
119 168
217 218
168 218
40 41
17 41
4 17
294 337
294 336
385 418
417 446
418 446
249 295
199 249
414 441
413 441
120 168
75 120
41 75
198 249
197 198
248 294
197 248
147 198
60 101
30 61
30 60
349 350
418 419
386 419
350 386
267 309
218 219
219 267
310 350
267 310
445 465
443 464
465 482
464 482
146 197
60 100
100 146
446 466
465 467
466 467
169 219
120 169
442 463
463 464
419 447
447 466
335 377
248 293
293 335
440 441
463 481
462 481
440 462
386 420
420 447
335 376
376 412
412 440
387 420
310 351
351 387
448 467
448 468
482 483
468 483
421 448
387 421
169 220
220 268
351 352
311 352
268 311
75 121
121 170
170 220
0 10
10 30
421 422
449 468
422 423
423 449
42 76
76 121
17 42
10 29
29 58
28 58
9 28
76 77
42 77
170 171
77 122
122 171
221 268
171 221
146 196
247 292
293 334
196 247
292 334
100 145
144 145
99 144
59 99
29 59
352 388
388 422
311 312
353 388
312 353
269 312
221 269
483 484
481 484
196 246
145 195
195 246
469 484
449 469
247 291
292 333
291 333
334 375
375 376
246 291
144 194
195 245
194 245
43 78
78 122
18 43
4 18
389 423
313 353
313 354
354 389
375 411
333 374
374 411
412 439
411 438
438 439
469 485
462 480
480 493
485 494
493 494
99 143
143 193
193 244
194 244
78 79
43 79
389 390
390 424
470 485
450 470
424 450
270 313
222 270
222 269
245 290
373 374
332 373
290 332
461 479
479 480
439 461
142 143
59 98
98 142
142 193
354 355
270 314
314 355
355 390
98 141
58 97
97 141
243 244
192 243
141 192
243 290
172 222
271 314
172 223
223 271
123 172
79 123
57 97
28 57
479 492
491 492
461 478
478 491
493 498
492 498
391 424
271 315
356 391
315 356
494 499
470 486
495 499
486 495
223 272
224 272
123 173
173 224
497 498
496 497
496 499
489 497
489 491
373 410
438 460
410 437
459 460
437 459
332 372
409 410
372 409
192 242
331 372
242 289
289 331
460 477
477 490
478 490
488 496
473 488
474 489
473 474
436 437
408 409
407 408
407 436
450 471
471 486
487 495
487 488
458 459
476 477
458 476
451 471
391 425
425 451
472 487
451 452
452 472
435 436
434 458
434 435
57 96
96 140
140 191
191 242
315 357
272 316
357 358
316 358
371 408
331 371
356 392
392 393
425 426
393 426
453 473
453 472
357 392
475 490
457 476
456 475
456 457
454 474
430 454
455 475
430 455
56 96
27 56
9 27
370 407
330 371
329 330
329 370
406 435
370 406
405 434
405 433
433 457
273 274
224 273
274 316
124 173
80 124
44 80
18 44
225 273
225 274
317 358
359 393
317 359
139 140
95 139
56 95
369 405
369 406
429 454
429 453
124 125
174 225
125 174
428 452
427 428
426 427
400 430
399 429
399 400
80 125
431 455
432 456
403 432
403 431
174 226
226 275
275 317
190 191
139 190
241 289
190 241
288 330
240 241
240 288
401 431
364 400
364 401
404 433
368 404
328 369
328 368
398 428
363 398
363 399
404 432
287 288
287 329
189 240
138 189
95 138
239 287
189 239
397 398
397 427
367 403
327 368
327 367
175 226
126 175
81 126
44 81
286 328
238 239
238 286
362 397
321 363
320 362
320 321
366 367
366 402
401 402
394 396
359 394
362 396
285 327
237 285
237 286
394 395
361 395
361 396
275 276
175 227
227 276
360 395
276 318
318 360
285 326
326 366
279 321
323 364
281 323
281 322
279 322
319 361
319 360
278 320
278 319
126 176
176 227
187 238
187 188
94 137
94 138
136 188
136 137
284 326
236 284
186 237
185 236
185 186
284 325
365 402
325 365
230 278
181 230
231 279
181 231
283 325
236 283
324 365
323 324
176 177
127 177
45 81
82 127
45 82
134 187
134 186
277 318
228 277
177 228
230 277
282 324
235 283
235 282
135 188
90 135
90 134
234 281
234 282
55 94
55 93
93 137
180 228
129 180
130 181
129 130
280 322
233 280
183 234
183 233
26 55
26 27
178 229
127 178
180 229
232 280
231 232
92 136
53 92
91 135
53 91
54 93
25 54
8 26
8 25
54 92
133 185
184 235
133 184
24 53
24 25
178 179
179 229
19 45
5 19
52 90
52 91
182 232
182 233
128 179
82 83
83 128
23 52
89 133
51 89
23 51
86 129
84 128
84 85
85 86
87 130
131 182
87 131
7 24
7 23
49 86
49 87
19 46
46 83
132 183
132 184
46 47
20 47
5 20
47 84
88 132
88 131
48 85
20 48
21 48
21 49
6 21
50 88
50 89
22 50
6 22
22 51
10
1 -0.999995 0.003310
0 -0.005717 -0.999984
2 -0.371641 0.928377
3 -0.179932 0.983679
4 0.014409 0.999896
9 0.000631 -1.000000
5 0.512637 0.858605
8 0.966355 -0.257211
6 0.999783 0.020855
7 0.999893 -0.014603

